// Jest Snapshot v1, https://goo.gl/fbAQLP

exports[`Exemplar-react-test renderer Snapshot test renders homepage unchanged 1`] = `
<div>
  <main>
    <h1>
      Welcome to 
      <a
        href="https://nextjs.org"
      >
        Next.js!
      </a>
    </h1>
    <p>
      Get started by editing
       
      <code>
        pages/index.js
      </code>
    </p>
    <div>
      <a
        href="https://nextjs.org/docs"
      >
        <h3>
          Documentation →
        </h3>
        <p>
          Find in-depth information about Next.js features and API.
        </p>
      </a>
      <a
        href="https://nextjs.org/learn"
      >
        <h3>
          Learn →
        </h3>
        <p>
          Learn about Next.js in an interactive course with quizzes!
        </p>
      </a>
      <a
        href="https://github.com/vercel/next.js/tree/master/examples"
      >
        <h3>
          Examples →
        </h3>
        <p>
          Discover and deploy boilerplate example Next.js projects.
        </p>
      </a>
      <a
        href="https://vercel.com/new?utm_source=create-next-app&utm_medium=default-template&utm_campaign=create-next-app"
      >
        <h3>
          Deploy →
        </h3>
        <p>
          Instantly deploy your Next.js site to a public URL with Vercel.
        </p>
      </a>
    </div>
  </main>
  <footer>
    <a
      href="https://vercel.com?utm_source=create-next-app&utm_medium=default-template&utm_campaign=create-next-app"
      rel="noopener noreferrer"
      target="_blank"
    >
      Powered by
       
      <img
        alt="Vercel Logo"
        src="/vercel.svg"
      />
    </a>
  </footer>
</div>
`;
