// Jest Snapshot v1, https://goo.gl/fbAQLP

exports[`Exemplar react-test-renderer Snapshot test renders homepage unchanged 1`] = `
<div
  className="index container-fluid"
>
  <div
    className="fade alert alert-primary alert-dismissible show"
    fixed-top="true"
    role="alert"
  >
    <button
      className="close"
      onClick={[Function]}
      type="button"
    >
      <span
        aria-hidden="true"
      >
        ×
      </span>
      <span
        className="sr-only"
      >
        Close alert
      </span>
    </button>
    <div
      className="work-in-progress"
    >
      <div
        className="work-in-progress-content"
      >
        <span
          className="work-in-progress-title"
        >
          This page is a work in progress.
        </span>
         
        <span
          className="work-in-progress-message"
        >
          While we test this new part of UI Online, the information here may be limited for your claim. We're working to add information about common issues that lead to 
          <a
            href="https://navapbc.com"
          >
            pending payments
          </a>
          .
        </span>
      </div>
    </div>
  </div>
  <header
    className="header border-bottom border-secondary"
  >
    <nav
      className="justify-content-between navbar navbar-expand-lg navbar-dark"
      fixed-top="true"
    >
      <div
        className="container"
      >
        <a
          className="navbar-brand"
          href="https://ca.gov"
          rel="noopener noreferrer"
          target="_blank"
        >
          <img
            alt="CA.gov"
            height="34"
            src="/claimstatus/images/Ca-Gov-Logo-Gold.svg"
            width="46"
          />
        </a>
        <div
          className="navbar-nav"
          onKeyDown={[Function]}
        >
          <div
            aria-expanded={null}
            className="navbar-collapse collapse"
          >
            <a
              className="nav-link"
              data-rb-event-key="https://edd.ca.gov"
              href="https://edd.ca.gov"
              onClick={[Function]}
              onKeyDown={[Function]}
              rel="noopener noreferrer"
              target="_blank"
            >
              <span
                className="text"
              >
                EDD Home
              </span>
            </a>
          </div>
          <a
            className="nav-link"
            data-rb-event-key="https://askedd.edd.ca.gov/"
            href="https://askedd.edd.ca.gov/"
            onClick={[Function]}
            onKeyDown={[Function]}
            rel="noopener noreferrer"
            target="_blank"
          >
            <span
              className="text"
            >
              Help
            </span>
          </a>
          <a
            className="nav-link"
            data-rb-event-key="https://edd.ca.gov/login.htm"
            href="https://edd.ca.gov/login.htm"
            onClick={[Function]}
            onKeyDown={[Function]}
            rel="noopener noreferrer"
            target="_blank"
          >
            <span
              className="text"
            >
              Log out
            </span>
          </a>
        </div>
      </div>
    </nav>
    <nav
      className="justify-content-between navbar navbar-expand-lg navbar-light"
    >
      <div
        className="container"
      >
        <a
          className="navbar-brand"
          href="https://edd.ca.gov"
          rel="noopener noreferrer"
          target="_blank"
        >
          <img
            alt="EDD Employment Development Department State of California Home"
            className="d-inline-block align-top mr-5"
            height="60"
            src="/claimstatus/images/edd-logo-2-Color.svg"
            width="171"
          />
        </a>
        <button
          aria-controls="basic-navbar-nav"
          aria-label="Toggle navigation"
          className="navbar-toggler collapsed"
          onClick={[Function]}
          type="button"
        >
          <span
            className="navbar-toggler-icon"
          />
        </button>
        <div
          aria-expanded={null}
          className="navbar-collapse collapse"
        >
          <div
            className="navbar-nav"
            onKeyDown={[Function]}
          >
            <a
              className="nav-link"
              data-rb-event-key="https://uio.edd.ca.gov"
              href="https://uio.edd.ca.gov"
              onClick={[Function]}
              onKeyDown={[Function]}
              rel="noopener noreferrer"
              target="_blank"
            >
              <span
                className="text"
              >
                UI Online Home
              </span>
            </a>
          </div>
        </div>
      </div>
    </nav>
  </header>
  <main
    className="main"
  >
    <div
      className="main-content container"
    >
      <h1
        className="title"
      >
        Claim Tracker
      </h1>
      <div
        className="language-switcher"
      >
        <span
          className="text"
          onClick={[Function]}
          onMouseEnter={[Function]}
        >
          En español
        </span>
      </div>
      <div
        className="claim-section"
      >
        <div
          className="claim-status"
        >
          <h2>
            Claim Status
          </h2>
          <div
            className="pending-status"
          >
            <span
              className="text-line"
            >
              We need to confirm your eligibility for benefits.
            </span>
          </div>
          <div
            className="status-box"
          >
            <div
              className="topbar"
            >
              <h3
                className="next-steps"
              >
                Next Steps
              </h3>
            </div>
            <div
              className="explanation"
            >
              <div
                className="next-steps"
              >
                <ul>
                  <li
                    className="next-step"
                  >
                    Ut enim ad minim veniam, quis nostrud exercitation ullamco laboris nisi ut aliquip ex ea commodo consequat.
                  </li>
                  <li
                    className="next-step"
                  >
                    Duis aute irure dolor in reprehenderit in voluptate velit esse cillum dolore eu fugiat nulla pariatur.
                  </li>
                </ul>
              </div>
            </div>
          </div>
        </div>
        <div
          className="claim-details container"
        >
          <h2>
            Claim Details
          </h2>
          <div
            className="claim-details-box"
          >
            <div
              className="row"
            >
              <div
                className="col-6"
              >
                <div
                  className="info"
                >
                  <div
                    className="info-label"
                  >
                    Program Type
                  </div>
                  <div
                    className="info-entry"
                  >
                    Unemployment Insurance (UI)
                  </div>
                </div>
                <div
                  className="info"
                >
                  <div
                    className="info-label"
                  >
                    Benefit Year
                  </div>
                  <div
                    className="info-entry"
                  >
                    3/21/2020 - 3/20/2021
                  </div>
                </div>
                <div
                  className="info"
                >
                  <div
                    className="info-label"
                  >
                    Claim Balance
                  </div>
                  <div
                    className="info-entry"
                  >
                    $0.00
                  </div>
                </div>
                <div
                  className="info"
                >
                  <div
                    className="info-label"
                  >
                    Weekly Benefit Amount
                  </div>
                  <div
                    className="info-entry"
                  >
                    $111.00
                  </div>
                </div>
                <div
                  className="info"
                >
                  <div
                    className="info-label"
                  >
                    Last Payment Issued
                  </div>
                  <div
                    className="info-entry"
                  >
                    4/29/2021
                  </div>
                </div>
              </div>
              <div
                className="col-6"
              >
                <div />
                <div
                  className="info"
                >
                  <div
                    className="info-label"
                  >
                    Extension Type
                  </div>
                  <div
                    className="info-entry"
                  >
                    Tier 2 Extension
                  </div>
                </div>
              </div>
            </div>
          </div>
        </div>
      </div>
    </div>
  </main>
  <footer
    className="footer"
  >
    <div
      className="container"
    >
      <nav
        className="justify-content-between navbar navbar-expand navbar-dark"
      >
        <div
          className="flex-column flex-sm-row navbar-nav"
          onKeyDown={[Function]}
        >
          <a
            className="nav-link"
            data-rb-event-key="#top"
            href="#top"
            onClick={[Function]}
            onKeyDown={[Function]}
          >
            Back to Top
          </a>
          <a
            className="nav-link"
            data-rb-event-key="https://edd.ca.gov/about_edd/contact_edd.htm"
            href="https://edd.ca.gov/about_edd/contact_edd.htm"
            onClick={[Function]}
            onKeyDown={[Function]}
            rel="noopener noreferrer"
            target="_blank"
          >
            Contact EDD
          </a>
          <a
            className="nav-link"
            data-rb-event-key="https://edd.ca.gov/about_edd/conditions_of_use.htm"
            href="https://edd.ca.gov/about_edd/conditions_of_use.htm"
            onClick={[Function]}
            onKeyDown={[Function]}
            rel="noopener noreferrer"
            target="_blank"
          >
            Conditions of Use
          </a>
          <a
            className="nav-link"
            data-rb-event-key="https://edd.ca.gov/about_edd/privacy_policy.htm"
            href="https://edd.ca.gov/about_edd/privacy_policy.htm"
            onClick={[Function]}
            onKeyDown={[Function]}
            rel="noopener noreferrer"
            target="_blank"
          >
            Privacy Policy
          </a>
          <a
            className="nav-link"
            data-rb-event-key="https://edd.ca.gov/about_edd/accessibility.htm"
            href="https://edd.ca.gov/about_edd/accessibility.htm"
            onClick={[Function]}
            onKeyDown={[Function]}
            rel="noopener noreferrer"
            target="_blank"
          >
            Accessibility
          </a>
        </div>
      </nav>
    </div>
    <div
      className="secondary-footer"
    >
      <div
        className="container"
      >
        <div
          className="copyright"
        >
          Copyright © 2021 State of California
        </div>
      </div>
    </div>
  </footer>
   
</div>
`;
